Import `say_my_name`

>>> say_my_name = __import__('3-say_my_name').say_my_name

<<<<<<< HEAD
>>> say_my_name("Nyilindekwe", "Boris")
My name is Nyilindekwe Boris
=======
>>> say_my_name("Marlene", "Umwari")
My name is Marlene Umwari
>>>>>>> cf6ef72eab1be7405d5aca32f506718b098a5808

>>> say_my_name(2)
Traceback (most recent call last):
TypeError: first_name must be a string

>>> say_my_name()
Traceback (most recent call last):
TypeError: say_my_name() missing 1 required positional argument: 'first_name'

<<<<<<< HEAD
>>> say_my_name("Boris", 1)
=======
>>> say_my_name("Marlene", 1)
>>>>>>> cf6ef72eab1be7405d5aca32f506718b098a5808
Traceback (most recent call last):
TypeError: last_name must be a string
